// Jest Snapshot v1, https://goo.gl/fbAQLP

exports[`List satisfies snapshot 1`] = `
Array [
  <ul
    data-testid="list"
  />,
  <input
    data-testid="input"
    onChange={[Function]}
    value=""
  />,
  <button
    data-testid="button"
    onClick={[Function]}
  >
    Add item
  </button>,
]
`;
